2026/02/13 03:36:22 cmd/web.go:264:runWeb() [I] Starting Gitea on PID: 61822
2026/02/13 03:36:22 cmd/web.go:114:showWebStartupMessage() [I] Gitea version: 3b5a423a built with GNU Make 4.3, go1.26.0-X:jsonv2
2026/02/13 03:36:22 cmd/web.go:115:showWebStartupMessage() [I] * RunMode: dev
2026/02/13 03:36:22 cmd/web.go:116:showWebStartupMessage() [I] * AppPath: /home/wahab/projects/moltgit_core/gitea
2026/02/13 03:36:22 cmd/web.go:117:showWebStartupMessage() [I] * WorkPath: /home/wahab/projects/moltgit_core
2026/02/13 03:36:22 cmd/web.go:118:showWebStartupMessage() [I] * CustomPath: /home/wahab/projects/moltgit_core/custom
2026/02/13 03:36:22 cmd/web.go:119:showWebStartupMessage() [I] * ConfigFile: /home/wahab/projects/moltgit_core/custom/conf/app.ini
2026/02/13 03:36:22 cmd/web.go:120:showWebStartupMessage() [I] Prepare to run web server
2026/02/13 03:36:22 routers/init.go:116:InitWebInstalled() [I] Git version: 2.43.0 (home: /home/wahab/projects/gitea/data/home)
2026/02/13 03:36:22 modules/storage/storage.go:180:initAttachments() [I] Initialising Attachment storage with type: local
2026/02/13 03:36:22 modules/storage/local.go:33:NewLocalStorage() [I] Creating new Local Storage at /home/wahab/projects/gitea/data/attachments
2026/02/13 03:36:22 modules/storage/storage.go:170:initAvatars() [I] Initialising Avatar storage with type: local
2026/02/13 03:36:22 modules/storage/local.go:33:NewLocalStorage() [I] Creating new Local Storage at /home/wahab/projects/gitea/data/avatars
2026/02/13 03:36:22 modules/storage/storage.go:196:initRepoAvatars() [I] Initialising Repository Avatar storage with type: local
2026/02/13 03:36:22 modules/storage/local.go:33:NewLocalStorage() [I] Creating new Local Storage at /home/wahab/projects/gitea/data/repo-avatars
2026/02/13 03:36:22 modules/storage/storage.go:190:initLFS() [I] Initialising LFS storage with type: local
2026/02/13 03:36:22 modules/storage/local.go:33:NewLocalStorage() [I] Creating new Local Storage at /home/wahab/projects/gitea/data/lfs
2026/02/13 03:36:22 modules/storage/storage.go:202:initRepoArchives() [I] Initialising Repository Archive storage with type: local
2026/02/13 03:36:22 modules/storage/local.go:33:NewLocalStorage() [I] Creating new Local Storage at /home/wahab/projects/gitea/data/repo-archive
2026/02/13 03:36:22 modules/storage/storage.go:212:initPackages() [I] Initialising Packages storage with type: local
2026/02/13 03:36:22 modules/storage/local.go:33:NewLocalStorage() [I] Creating new Local Storage at /home/wahab/projects/gitea/data/packages
2026/02/13 03:36:22 modules/storage/storage.go:223:initActions() [I] Initialising Actions storage with type: local
2026/02/13 03:36:22 modules/storage/local.go:33:NewLocalStorage() [I] Creating new Local Storage at /home/wahab/projects/gitea/data/actions_log
2026/02/13 03:36:22 modules/storage/storage.go:227:initActions() [I] Initialising ActionsArtifacts storage with type: local
2026/02/13 03:36:22 modules/storage/local.go:33:NewLocalStorage() [I] Creating new Local Storage at /home/wahab/projects/gitea/data/actions_artifacts
2026/02/13 03:36:22 routers/common/db.go:24:InitDBEngine() [I] Beginning ORM engine initialization.
2026/02/13 03:36:22 routers/common/db.go:31:InitDBEngine() [I] ORM engine initialization attempt #1/10...
2026/02/13 03:36:22 cmd/web.go:206:serveInstalled() [I] PING DATABASE postgres
2026/02/13 03:36:23 modules/git/git.go:146:InitSimple() [W] git module has been initialized already, duplicate init may work but it's better to fix it
2026/02/13 03:36:23 cmd/web.go:206:serveInstalled() [W] Table oauth2_application Column confidential_client db default is true, struct default is TRUE
2026/02/13 03:36:23 cmd/web.go:206:serveInstalled() [W] Table oauth2_application Column skip_secondary_authorization db default is false, struct default is FALSE
2026/02/13 03:36:23 cmd/web.go:206:serveInstalled() [W] Table system_setting Column version db default is , struct default is 1
2026/02/13 03:36:23 cmd/web.go:206:serveInstalled() [W] Table user Column max_repo_creation db default is '-1', struct default is -1
2026/02/13 03:36:23 cmd/web.go:206:serveInstalled() [W] Table action_run Column concurrency_cancel db default is false, struct default is FALSE
2026/02/13 03:36:23 cmd/web.go:206:serveInstalled() [W] Table action_run_job Column concurrency_cancel db default is false, struct default is FALSE
2026/02/13 03:36:24 cmd/web.go:206:serveInstalled() [W] Table label Column archived_unix db default is , struct default is NULL
2026/02/13 03:36:24 routers/init.go:143:InitWebInstalled() [I] ORM engine initialization successful!
2026/02/13 03:36:24 .../indexer/issues/indexer.go:78:InitIssueIndexer.1() [I] PID 61822: Initializing Issue Indexer: bleve
2026/02/13 03:36:24 .../indexer/stats/indexer.go:41:populateRepoIndexer() [I] Populating the repo stats indexer with existing repositories
2026/02/13 03:36:24 .../indexer/issues/indexer.go:155:InitIssueIndexer.2() [I] Issue Indexer Initialization took 758.368µs
2026/02/13 03:36:24 .../indexer/stats/indexer.go:87:populateRepoIndexer() [I] Done (re)populating the repo stats indexer with existing repositories
2026/02/13 03:36:24 cmd/web.go:330:listen() [I] Listen: http://0.0.0.0:3000
2026/02/13 03:36:24 cmd/web.go:334:listen() [I] AppURL(ROOT_URL): http://localhost:3000/
2026/02/13 03:36:24 cmd/web.go:337:listen() [I] LFS server enabled
2026/02/13 03:36:24 modules/graceful/server.go:52:NewServer() [I] Starting new Web server: tcp:0.0.0.0:3000 on PID: 61822
2026/02/13 03:36:26 HTTPRequest [I] router: completed GET /user/sign_up/new for [::1]:43024, 200 OK in 34.3ms @ auth/auth_apikey.go:29(auth.SignUpAPIKey)
2026/02/13 03:36:26 .../graceful/manager_unix.go:129:(*Manager).handleSignals() [I] PID: 61822. Received SIGHUP. Attempting GracefulRestart...
2026/02/13 03:36:26 .../graceful/manager_unix.go:183:(*Manager).DoGracefulRestart() [I] PID: 61822. Forking...
2026/02/13 03:36:26 modules/setting/log.go:62:prepareLoggerConfig() [E] Deprecation: config option `[log].ACCESS` present, please use `[log].logger.access.MODE` instead because this fallback will be/has been removed in 1.21
2026/02/13 03:36:26 modules/setting/log.go:71:prepareLoggerConfig() [E] Deprecation: config option `[log].ROUTER` present, please use `[log].logger.router.MODE` instead because this fallback will be/has been removed in 1.21
2026/02/13 03:36:26 modules/setting/log.go:83:prepareLoggerConfig() [E] Deprecation: config option `[log].XORM` present, please use `[log].logger.xorm.MODE` instead because this fallback will be/has been removed in 1.21
2026/02/13 03:36:26 .../graceful/manager_unix.go:194:(*Manager).DoGracefulRestart() [I] PID: 61822. Shutting down after forking ...
2026/02/13 03:36:26 cmd/web.go:381:listen() [I] HTTP Listener: 0.0.0.0:3000 Closed
2026/02/13 03:36:26 modules/graceful/manager.go:164:(*Manager).doHammerTime() [W] Setting Hammer condition
2026/02/13 03:36:26 .../graceful/server_hooks.go:45:(*Server).doShutdown() [I] PID: 61822 Listener ([::]:3000) closed.
2026/02/13 03:36:27 cmd/web.go:262:runWeb() [I] Restarting Gitea on PID: 61870 from parent PID: 61822
2026/02/13 03:36:27 cmd/web.go:114:showWebStartupMessage() [I] Gitea version: 3b5a423a built with GNU Make 4.3, go1.26.0-X:jsonv2
2026/02/13 03:36:27 cmd/web.go:115:showWebStartupMessage() [I] * RunMode: dev
2026/02/13 03:36:27 cmd/web.go:116:showWebStartupMessage() [I] * AppPath: /home/wahab/projects/moltgit_core/gitea
2026/02/13 03:36:27 cmd/web.go:117:showWebStartupMessage() [I] * WorkPath: /home/wahab/projects/moltgit_core
2026/02/13 03:36:27 cmd/web.go:118:showWebStartupMessage() [I] * CustomPath: /home/wahab/projects/moltgit_core/custom
2026/02/13 03:36:27 cmd/web.go:119:showWebStartupMessage() [I] * ConfigFile: /home/wahab/projects/moltgit_core/custom/conf/app.ini
2026/02/13 03:36:27 cmd/web.go:120:showWebStartupMessage() [I] Prepare to run web server
2026/02/13 03:36:27 routers/init.go:116:InitWebInstalled() [I] Git version: 2.43.0 (home: /home/wahab/projects/gitea/data/home)
2026/02/13 03:36:27 modules/storage/storage.go:180:initAttachments() [I] Initialising Attachment storage with type: local
2026/02/13 03:36:27 modules/storage/local.go:33:NewLocalStorage() [I] Creating new Local Storage at /home/wahab/projects/gitea/data/attachments
2026/02/13 03:36:27 modules/storage/storage.go:170:initAvatars() [I] Initialising Avatar storage with type: local
2026/02/13 03:36:27 modules/storage/local.go:33:NewLocalStorage() [I] Creating new Local Storage at /home/wahab/projects/gitea/data/avatars
2026/02/13 03:36:27 modules/storage/storage.go:196:initRepoAvatars() [I] Initialising Repository Avatar storage with type: local
2026/02/13 03:36:27 modules/storage/local.go:33:NewLocalStorage() [I] Creating new Local Storage at /home/wahab/projects/gitea/data/repo-avatars
2026/02/13 03:36:27 modules/storage/storage.go:190:initLFS() [I] Initialising LFS storage with type: local
2026/02/13 03:36:27 modules/storage/local.go:33:NewLocalStorage() [I] Creating new Local Storage at /home/wahab/projects/gitea/data/lfs
2026/02/13 03:36:27 modules/storage/storage.go:202:initRepoArchives() [I] Initialising Repository Archive storage with type: local
2026/02/13 03:36:27 modules/storage/local.go:33:NewLocalStorage() [I] Creating new Local Storage at /home/wahab/projects/gitea/data/repo-archive
2026/02/13 03:36:27 modules/storage/storage.go:212:initPackages() [I] Initialising Packages storage with type: local
2026/02/13 03:36:27 modules/storage/local.go:33:NewLocalStorage() [I] Creating new Local Storage at /home/wahab/projects/gitea/data/packages
2026/02/13 03:36:27 modules/storage/storage.go:223:initActions() [I] Initialising Actions storage with type: local
2026/02/13 03:36:27 modules/storage/local.go:33:NewLocalStorage() [I] Creating new Local Storage at /home/wahab/projects/gitea/data/actions_log
2026/02/13 03:36:27 modules/storage/storage.go:227:initActions() [I] Initialising ActionsArtifacts storage with type: local
2026/02/13 03:36:27 modules/storage/local.go:33:NewLocalStorage() [I] Creating new Local Storage at /home/wahab/projects/gitea/data/actions_artifacts
2026/02/13 03:36:27 modules/graceful/manager.go:180:(*Manager).doTerminate() [W] Terminating
2026/02/13 03:36:27 .../indexer/issues/indexer.go:122:InitIssueIndexer.1.2() [I] PID: 61822 Issue Indexer closed
2026/02/13 03:36:27 .../graceful/manager_unix.go:154:(*Manager).handleSignals() [W] PID: 61822. Background context for manager closed - context canceled - Shutting down...
2026/02/13 03:36:27 cmd/web.go:232:serveInstalled() [I] PID: 61822 Gitea Web Finished
2026/02/13 03:36:28 routers/common/db.go:24:InitDBEngine() [I] Beginning ORM engine initialization.
2026/02/13 03:36:28 routers/common/db.go:31:InitDBEngine() [I] ORM engine initialization attempt #1/10...
2026/02/13 03:36:28 cmd/web.go:206:serveInstalled() [I] PING DATABASE postgres
2026/02/13 03:36:28 modules/git/git.go:146:InitSimple() [W] git module has been initialized already, duplicate init may work but it's better to fix it
2026/02/13 03:36:28 cmd/web.go:206:serveInstalled() [W] Table oauth2_application Column confidential_client db default is true, struct default is TRUE
2026/02/13 03:36:28 cmd/web.go:206:serveInstalled() [W] Table oauth2_application Column skip_secondary_authorization db default is false, struct default is FALSE
2026/02/13 03:36:28 cmd/web.go:206:serveInstalled() [W] Table system_setting Column version db default is , struct default is 1
2026/02/13 03:36:29 cmd/web.go:206:serveInstalled() [W] Table user Column max_repo_creation db default is '-1', struct default is -1
2026/02/13 03:36:29 cmd/web.go:206:serveInstalled() [W] Table action_run Column concurrency_cancel db default is false, struct default is FALSE
2026/02/13 03:36:29 cmd/web.go:206:serveInstalled() [W] Table action_run_job Column concurrency_cancel db default is false, struct default is FALSE
2026/02/13 03:36:29 cmd/web.go:206:serveInstalled() [W] Table label Column archived_unix db default is , struct default is NULL
2026/02/13 03:36:29 routers/init.go:143:InitWebInstalled() [I] ORM engine initialization successful!
2026/02/13 03:36:29 .../indexer/issues/indexer.go:78:InitIssueIndexer.1() [I] PID 61870: Initializing Issue Indexer: bleve
2026/02/13 03:36:29 .../indexer/stats/indexer.go:41:populateRepoIndexer() [I] Populating the repo stats indexer with existing repositories
2026/02/13 03:36:29 .../indexer/issues/indexer.go:155:InitIssueIndexer.2() [I] Issue Indexer Initialization took 539.017µs
2026/02/13 03:36:29 .../indexer/stats/indexer.go:87:populateRepoIndexer() [I] Done (re)populating the repo stats indexer with existing repositories
2026/02/13 03:36:30 cmd/web.go:330:listen() [I] Listen: http://0.0.0.0:3000
2026/02/13 03:36:30 cmd/web.go:334:listen() [I] AppURL(ROOT_URL): http://localhost:3000/
2026/02/13 03:36:30 cmd/web.go:337:listen() [I] LFS server enabled
2026/02/13 03:36:30 modules/graceful/server.go:50:NewServer() [I] Restarting new Web server: tcp:0.0.0.0:3000 on PID: 61870
2026/02/13 03:36:30 HTTPRequest [I] router: completed GET /user/sign_up/new for [::1]:53032, 200 OK in 6.3ms @ auth/auth_apikey.go:29(auth.SignUpAPIKey)
2026/02/13 03:36:30 HTTPRequest [I] router: completed GET /.well-known/appspecific/com.chrome.devtools.json for [::1]:53032, 404 Not Found in 3.3ms @ public/public.go:34(web.registerWebRoutes.(*Router).Group.registerWebRoutes.func19.FileHandlerFunc)
2026/02/13 03:38:03 HTTPRequest [I] router: completed GET /user/sign_up/new for [::1]:41442, 200 OK in 2.6ms @ auth/auth_apikey.go:29(auth.SignUpAPIKey)
2026/02/13 03:38:03 HTTPRequest [I] router: completed GET /user/login/new for [::1]:41450, 200 OK in 2.1ms @ auth/auth_apikey.go:176(auth.SignInAPIKey)
2026/02/13 03:39:19 .../web/auth/auth_apikey.go:150:SignUpAPIKeyPost() [I] Generated API key for user adnan (ID: 7), Key ID: 1
2026/02/13 03:39:19 HTTPRequest [I] router: completed POST /user/sign_up/new for [::1]:53032, 303 See Other in 74.7ms @ auth/auth_apikey.go:47(auth.SignUpAPIKeyPost)
2026/02/13 03:39:19 HTTPRequest [I] router: completed GET / for [::1]:53032, 200 OK in 64.6ms @ web/home.go:32(web.Home)
2026/02/13 03:39:19 HTTPRequest [I] router: completed GET /.well-known/appspecific/com.chrome.devtools.json for [::1]:53032, 404 Not Found in 1.8ms @ public/public.go:34(web.registerWebRoutes.(*Router).Group.registerWebRoutes.func19.FileHandlerFunc)
2026/02/13 03:39:19 HTTPRequest [I] router: completed GET /avatars/e983c033565bca4cafad8546b89adc6a?size=48 for [::1]:53032, 200 OK in 0.3ms @ web/base.go:22(avatars)
2026/02/13 03:39:19 HTTPRequest [I] router: completed GET /repo/search?count_only=1&uid=7&team_id=undefined&q=&page=1&mode= for [::1]:53032, 200 OK in 5.3ms @ repo/repo.go:432(repo.SearchRepo)
2026/02/13 03:39:19 HTTPRequest [I] router: completed GET /repo/search?sort=updated&order=desc&uid=7&team_id=undefined&q=&page=1&limit=15&mode=&archived=false for [::1]:53032, 200 OK in 5.0ms @ repo/repo.go:432(repo.SearchRepo)
2026/02/13 03:39:23 HTTPRequest [I] router: polling   GET /user/events for [::1]:53032, elapsed 3626.3ms @ events/events.go:18(events.Events)
2026/02/13 03:39:41 HTTPRequest [I] router: completed GET /adnan for [::1]:45228, 200 OK in 58.0ms @ user/home.go:719(user.UsernameSubRoute)
2026/02/13 03:39:41 HTTPRequest [I] router: completed GET /.well-known/appspecific/com.chrome.devtools.json for [::1]:45228, 404 Not Found in 1.8ms @ public/public.go:34(web.registerWebRoutes.(*Router).Group.registerWebRoutes.func19.FileHandlerFunc)
2026/02/13 03:39:41 HTTPRequest [I] router: completed GET /avatars/e983c033565bca4cafad8546b89adc6a?size=48 for [::1]:33058, 304 Not Modified in 0.1ms @ web/base.go:22(avatars)
2026/02/13 03:39:41 HTTPRequest [I] router: completed GET /avatars/e983c033565bca4cafad8546b89adc6a?size=512 for [::1]:45228, 200 OK in 0.2ms @ web/base.go:22(avatars)
2026/02/13 03:39:44 HTTPRequest [I] router: completed GET /pulls for [::1]:33058, 200 OK in 41.4ms @ user/home.go:340(user.Pulls)
2026/02/13 03:39:44 HTTPRequest [I] router: completed GET /.well-known/appspecific/com.chrome.devtools.json for [::1]:33058, 404 Not Found in 2.3ms @ public/public.go:34(web.registerWebRoutes.(*Router).Group.registerWebRoutes.func19.FileHandlerFunc)
2026/02/13 03:39:44 HTTPRequest [I] router: completed GET /avatars/e983c033565bca4cafad8546b89adc6a?size=48 for [::1]:33058, 304 Not Modified in 0.1ms @ web/base.go:22(avatars)
2026/02/13 03:39:47 HTTPRequest [I] router: polling   GET /user/events for [::1]:33058, elapsed 3174.3ms @ events/events.go:18(events.Events)
2026/02/13 03:39:48 HTTPRequest [I] router: completed POST /user/logout for [::1]:33068, 200 OK in 7.7ms @ auth/auth.go:416(auth.SignOut)
2026/02/13 03:39:48 HTTPRequest [I] router: completed POST /-/fetch-redirect for [::1]:33068, 303 See Other in 0.2ms @ common/redirect.go:13(common.FetchRedirectDelegate)
2026/02/13 03:39:48 HTTPRequest [I] router: completed GET / for [::1]:33068, 200 OK in 2.8ms @ web/home.go:32(web.Home)
2026/02/13 03:39:48 HTTPRequest [I] router: completed GET /.well-known/appspecific/com.chrome.devtools.json for [::1]:33068, 404 Not Found in 0.3ms @ public/public.go:34(web.registerWebRoutes.(*Router).Group.registerWebRoutes.func19.FileHandlerFunc)
2026/02/13 03:39:59 HTTPRequest [I] router: completed GET /user/login/new for [::1]:33068, 200 OK in 1.0ms @ auth/auth_apikey.go:176(auth.SignInAPIKey)
2026/02/13 03:43:34 HTTPRequest [I] router: completed GET /user/sign_up/new for [::1]:33068, 200 OK in 3.2ms @ auth/auth_apikey.go:29(auth.SignUpAPIKey)
2026/02/13 03:45:01 HTTPRequest [I] router: completed GET /user/login/new for [::1]:33068, 200 OK in 4.3ms @ auth/auth_apikey.go:176(auth.SignInAPIKey)
2026/02/13 03:54:40 HTTPRequest [I] router: completed GET /user/sign_up/new for [::1]:36626, 200 OK in 8.1ms @ auth/auth_apikey.go:29(auth.SignUpAPIKey)
2026/02/13 03:55:06 HTTPRequest [I] router: completed POST /user/sign_up/new for [::1]:36626, 200 OK in 2.7ms @ auth/auth_apikey.go:47(auth.SignUpAPIKeyPost)
2026/02/13 03:55:16 .../web/auth/auth_apikey.go:150:SignUpAPIKeyPost() [I] Generated API key for user adnann (ID: 8), Key ID: 2
2026/02/13 03:55:16 HTTPRequest [I] router: completed POST /user/sign_up/new for [::1]:36626, 303 See Other in 38.8ms @ auth/auth_apikey.go:47(auth.SignUpAPIKeyPost)
2026/02/13 03:55:16 HTTPRequest [I] router: completed GET / for [::1]:36626, 200 OK in 18.2ms @ web/home.go:32(web.Home)
2026/02/13 03:55:16 HTTPRequest [I] router: completed GET /avatars/97649641c125eb0eaf0597448ad72146?size=48 for [::1]:36626, 200 OK in 0.2ms @ web/base.go:22(avatars)
2026/02/13 03:55:16 HTTPRequest [I] router: completed GET /repo/search?count_only=1&uid=8&team_id=undefined&q=&page=1&mode= for [::1]:36626, 200 OK in 3.5ms @ repo/repo.go:432(repo.SearchRepo)
2026/02/13 03:55:17 HTTPRequest [I] router: completed GET /repo/search?sort=updated&order=desc&uid=8&team_id=undefined&q=&page=1&limit=15&mode=&archived=false for [::1]:36626, 200 OK in 6.2ms @ repo/repo.go:432(repo.SearchRepo)
2026/02/13 03:55:20 HTTPRequest [I] router: polling   GET /user/events for [::1]:36626, elapsed 3243.2ms @ events/events.go:18(events.Events)
2026/02/13 03:55:22 HTTPRequest [I] router: completed GET /user/settings for [::1]:36640, 200 OK in 48.6ms @ setting/profile.go:46(setting.Profile)
2026/02/13 03:55:22 HTTPRequest [I] router: completed GET /avatars/97649641c125eb0eaf0597448ad72146?size=48 for [::1]:36640, 304 Not Modified in 0.2ms @ web/base.go:22(avatars)
2026/02/13 03:55:25 HTTPRequest [I] router: polling   GET /user/events for [::1]:36640, elapsed 3242.8ms @ events/events.go:18(events.Events)
2026/02/13 03:55:28 HTTPRequest [I] router: completed GET /user/settings/apikeys for [::1]:54368, 200 OK in 8.3ms @ setting/apikeys.go:20(setting.APIKeys)
2026/02/13 03:55:28 HTTPRequest [I] router: completed GET /avatars/97649641c125eb0eaf0597448ad72146?size=48 for [::1]:54368, 304 Not Modified in 0.1ms @ web/base.go:22(avatars)
2026/02/13 03:55:32 HTTPRequest [I] router: polling   GET /user/events for [::1]:54368, elapsed 3438.8ms @ events/events.go:18(events.Events)
2026/02/13 03:55:51 HTTPRequest [I] router: completed POST /user/settings/apikeys for [::1]:55900, 303 See Other in 24.8ms @ setting/apikeys.go:42(setting.APIKeysPost)
2026/02/13 03:55:51 HTTPRequest [I] router: completed GET /user/settings/apikeys for [::1]:55900, 200 OK in 17.2ms @ setting/apikeys.go:20(setting.APIKeys)
2026/02/13 03:55:51 HTTPRequest [I] router: completed GET /avatars/97649641c125eb0eaf0597448ad72146?size=48 for [::1]:55900, 304 Not Modified in 0.2ms @ web/base.go:22(avatars)
2026/02/13 03:55:55 HTTPRequest [I] router: polling   GET /user/events for [::1]:55900, elapsed 3516.9ms @ events/events.go:18(events.Events)
2026/02/13 03:57:25 HTTPRequest [I] router: completed POST /user/logout for [::1]:45980, 200 OK in 7.4ms @ auth/auth.go:416(auth.SignOut)
2026/02/13 03:57:25 HTTPRequest [I] router: completed POST /-/fetch-redirect for [::1]:45980, 303 See Other in 0.1ms @ common/redirect.go:13(common.FetchRedirectDelegate)
2026/02/13 03:57:25 HTTPRequest [I] router: completed GET / for [::1]:45980, 200 OK in 1.4ms @ web/home.go:32(web.Home)
2026/02/13 03:57:32 HTTPRequest [I] router: completed GET /user/sign_up/new for [::1]:45980, 200 OK in 2.2ms @ auth/auth_apikey.go:29(auth.SignUpAPIKey)
2026/02/13 03:57:34 HTTPRequest [I] router: completed GET /user/login/new for [::1]:45980, 200 OK in 1.2ms @ auth/auth_apikey.go:176(auth.SignInAPIKey)
2026/02/13 03:57:38 HTTPRequest [I] router: completed POST /user/login/new for [::1]:45980, 200 OK in 1.6ms @ auth/auth_apikey.go:188(auth.SignInAPIKeyPost)
2026/02/13 03:57:47 HTTPRequest [I] router: completed POST /user/login/new for [::1]:45980, 200 OK in 4.3ms @ auth/auth_apikey.go:188(auth.SignInAPIKeyPost)
2026/02/13 03:58:00 HTTPRequest [I] router: completed GET /user/sign_up/new for [::1]:45980, 200 OK in 14.6ms @ auth/auth_apikey.go:29(auth.SignUpAPIKey)
2026/02/13 03:58:32 .../web/auth/auth_apikey.go:150:SignUpAPIKeyPost() [I] Generated API key for user test (ID: 9), Key ID: 4
2026/02/13 03:58:32 HTTPRequest [I] router: completed POST /user/sign_up/new for [::1]:45980, 303 See Other in 52.1ms @ auth/auth_apikey.go:47(auth.SignUpAPIKeyPost)
2026/02/13 03:58:32 HTTPRequest [I] router: completed GET / for [::1]:45980, 200 OK in 17.6ms @ web/home.go:32(web.Home)
2026/02/13 03:58:32 HTTPRequest [I] router: completed GET /avatars/1aedb8d9dc4751e229a335e371db8058?size=48 for [::1]:45980, 200 OK in 0.1ms @ web/base.go:22(avatars)
2026/02/13 03:58:32 HTTPRequest [I] router: completed GET /repo/search?count_only=1&uid=9&team_id=undefined&q=&page=1&mode= for [::1]:45980, 200 OK in 3.1ms @ repo/repo.go:432(repo.SearchRepo)
2026/02/13 03:58:32 HTTPRequest [I] router: completed GET /repo/search?sort=updated&order=desc&uid=9&team_id=undefined&q=&page=1&limit=15&mode=&archived=false for [::1]:45980, 200 OK in 4.9ms @ repo/repo.go:432(repo.SearchRepo)
2026/02/13 03:58:36 HTTPRequest [I] router: polling   GET /user/events for [::1]:45980, elapsed 3636.5ms @ events/events.go:18(events.Events)
2026/02/13 03:58:41 HTTPRequest [I] router: completed GET /.well-known/appspecific/com.chrome.devtools.json for [::1]:55900, 404 Not Found in 1.8ms @ public/public.go:34(web.registerWebRoutes.(*Router).Group.registerWebRoutes.func19.FileHandlerFunc)
2026/02/13 03:58:54 HTTPRequest [I] router: completed GET /pulls for [::1]:55900, 200 OK in 53.0ms @ user/home.go:340(user.Pulls)
2026/02/13 03:58:54 HTTPRequest [I] router: completed GET /.well-known/appspecific/com.chrome.devtools.json for [::1]:55900, 404 Not Found in 2.1ms @ public/public.go:34(web.registerWebRoutes.(*Router).Group.registerWebRoutes.func19.FileHandlerFunc)
2026/02/13 03:58:54 HTTPRequest [I] router: completed GET /avatars/1aedb8d9dc4751e229a335e371db8058?size=48 for [::1]:55900, 304 Not Modified in 0.2ms @ web/base.go:22(avatars)
2026/02/13 03:58:58 HTTPRequest [I] router: polling   GET /user/events for [::1]:55900, elapsed 3512.6ms @ events/events.go:18(events.Events)
2026/02/13 03:59:59 HTTPRequest [I] router: completed GET /issues for [::1]:34670, 200 OK in 46.6ms @ user/home.go:353(user.Issues)
2026/02/13 03:59:59 HTTPRequest [I] router: completed GET /.well-known/appspecific/com.chrome.devtools.json for [::1]:34670, 404 Not Found in 1.7ms @ public/public.go:34(web.registerWebRoutes.(*Router).Group.registerWebRoutes.func19.FileHandlerFunc)
2026/02/13 03:59:59 HTTPRequest [I] router: completed GET /avatars/1aedb8d9dc4751e229a335e371db8058?size=48 for [::1]:34670, 304 Not Modified in 0.1ms @ web/base.go:22(avatars)
2026/02/13 04:00:01 HTTPRequest [I] router: completed GET /avatars/1aedb8d9dc4751e229a335e371db8058?size=56 for [::1]:34676, 200 OK in 0.6ms @ web/base.go:22(avatars)
2026/02/13 04:00:03 HTTPRequest [I] router: completed GET /issues for [::1]:34676, 200 OK in 34.0ms @ user/home.go:353(user.Issues)
2026/02/13 04:00:03 HTTPRequest [I] router: completed GET /.well-known/appspecific/com.chrome.devtools.json for [::1]:34676, 404 Not Found in 1.1ms @ public/public.go:34(web.registerWebRoutes.(*Router).Group.registerWebRoutes.func19.FileHandlerFunc)
2026/02/13 04:00:03 HTTPRequest [I] router: completed GET /avatars/1aedb8d9dc4751e229a335e371db8058?size=48 for [::1]:34676, 304 Not Modified in 0.5ms @ web/base.go:22(avatars)
2026/02/13 04:00:05 HTTPRequest [I] router: completed GET /explore/repos for [::1]:34682, 200 OK in 57.4ms @ explore/repo.go:148(explore.Repos)
2026/02/13 04:00:05 HTTPRequest [I] router: completed GET /.well-known/appspecific/com.chrome.devtools.json for [::1]:34682, 404 Not Found in 1.9ms @ public/public.go:34(web.registerWebRoutes.(*Router).Group.registerWebRoutes.func19.FileHandlerFunc)
2026/02/13 04:00:05 HTTPRequest [I] router: completed GET /avatars/1aedb8d9dc4751e229a335e371db8058?size=48 for [::1]:34682, 304 Not Modified in 0.1ms @ web/base.go:22(avatars)
2026/02/13 04:00:06 HTTPRequest [I] router: completed GET /pulls for [::1]:41228, 200 OK in 37.5ms @ user/home.go:340(user.Pulls)
2026/02/13 04:00:06 HTTPRequest [I] router: completed GET /.well-known/appspecific/com.chrome.devtools.json for [::1]:41228, 404 Not Found in 1.8ms @ public/public.go:34(web.registerWebRoutes.(*Router).Group.registerWebRoutes.func19.FileHandlerFunc)
2026/02/13 04:00:06 HTTPRequest [I] router: completed GET /avatars/1aedb8d9dc4751e229a335e371db8058?size=48 for [::1]:41228, 304 Not Modified in 0.2ms @ web/base.go:22(avatars)
2026/02/13 04:00:10 HTTPRequest [I] router: polling   GET /user/events for [::1]:41228, elapsed 3715.2ms @ events/events.go:18(events.Events)
2026/02/13 04:00:17 HTTPRequest [I] router: completed GET /test for [::1]:41232, 200 OK in 34.9ms @ user/home.go:719(user.UsernameSubRoute)
2026/02/13 04:00:17 HTTPRequest [I] router: completed GET /.well-known/appspecific/com.chrome.devtools.json for [::1]:41232, 404 Not Found in 1.7ms @ public/public.go:34(web.registerWebRoutes.(*Router).Group.registerWebRoutes.func19.FileHandlerFunc)
2026/02/13 04:00:18 HTTPRequest [I] router: completed GET /avatars/1aedb8d9dc4751e229a335e371db8058?size=512 for [::1]:41232, 200 OK in 0.1ms @ web/base.go:22(avatars)
2026/02/13 04:00:18 HTTPRequest [I] router: completed GET /avatars/1aedb8d9dc4751e229a335e371db8058?size=48 for [::1]:56226, 304 Not Modified in 0.1ms @ web/base.go:22(avatars)
2026/02/13 04:00:21 HTTPRequest [I] router: completed GET /test?tab=repositories for [::1]:56226, 200 OK in 52.3ms @ user/home.go:719(user.UsernameSubRoute)
2026/02/13 04:00:21 HTTPRequest [I] router: completed GET /.well-known/appspecific/com.chrome.devtools.json for [::1]:56226, 404 Not Found in 1.7ms @ public/public.go:34(web.registerWebRoutes.(*Router).Group.registerWebRoutes.func19.FileHandlerFunc)
2026/02/13 04:00:21 HTTPRequest [I] router: completed GET /avatars/1aedb8d9dc4751e229a335e371db8058?size=48 for [::1]:56226, 304 Not Modified in 0.3ms @ web/base.go:22(avatars)
2026/02/13 04:00:21 HTTPRequest [I] router: completed GET /avatars/1aedb8d9dc4751e229a335e371db8058?size=512 for [::1]:56234, 304 Not Modified in 0.2ms @ web/base.go:22(avatars)
2026/02/13 04:00:24 HTTPRequest [I] router: completed GET /test/-/projects for [::1]:56226, 200 OK in 71.9ms @ org/projects.go:45(org.Projects)
2026/02/13 04:00:24 HTTPRequest [I] router: completed GET /.well-known/appspecific/com.chrome.devtools.json for [::1]:56226, 404 Not Found in 1.9ms @ public/public.go:34(web.registerWebRoutes.(*Router).Group.registerWebRoutes.func19.FileHandlerFunc)
2026/02/13 04:00:24 HTTPRequest [I] router: completed GET /avatars/1aedb8d9dc4751e229a335e371db8058?size=48 for [::1]:56226, 304 Not Modified in 0.1ms @ web/base.go:22(avatars)
2026/02/13 04:00:24 HTTPRequest [I] router: completed GET /avatars/1aedb8d9dc4751e229a335e371db8058?size=512 for [::1]:45050, 304 Not Modified in 0.2ms @ web/base.go:22(avatars)
2026/02/13 04:00:25 HTTPRequest [I] router: completed GET /test/-/projects/new for [::1]:56226, 200 OK in 16.7ms @ org/projects.go:140(org.RenderNewProject)
2026/02/13 04:00:25 HTTPRequest [I] router: completed GET /.well-known/appspecific/com.chrome.devtools.json for [::1]:56226, 404 Not Found in 1.9ms @ public/public.go:34(web.registerWebRoutes.(*Router).Group.registerWebRoutes.func19.FileHandlerFunc)
2026/02/13 04:00:26 HTTPRequest [I] router: completed GET /avatars/1aedb8d9dc4751e229a335e371db8058?size=48 for [::1]:56226, 304 Not Modified in 0.1ms @ web/base.go:22(avatars)
2026/02/13 04:00:26 HTTPRequest [I] router: completed GET /avatars/1aedb8d9dc4751e229a335e371db8058?size=512 for [::1]:45060, 304 Not Modified in 0.1ms @ web/base.go:22(avatars)
2026/02/13 04:00:29 HTTPRequest [I] router: polling   GET /user/events for [::1]:56226, elapsed 3486.1ms @ events/events.go:18(events.Events)
2026/02/13 04:00:32 HTTPRequest [I] router: completed POST /test/-/projects/new for [::1]:45060, 303 See Other in 51.2ms @ org/projects.go:157(org.NewProjectPost)
2026/02/13 04:00:32 HTTPRequest [I] router: completed GET /test/-/projects for [::1]:45060, 200 OK in 24.0ms @ org/projects.go:45(org.Projects)
2026/02/13 04:00:32 HTTPRequest [I] router: completed GET /.well-known/appspecific/com.chrome.devtools.json for [::1]:45060, 404 Not Found in 2.0ms @ public/public.go:34(web.registerWebRoutes.(*Router).Group.registerWebRoutes.func19.FileHandlerFunc)
2026/02/13 04:00:32 HTTPRequest [I] router: completed GET /avatars/1aedb8d9dc4751e229a335e371db8058?size=48 for [::1]:45060, 304 Not Modified in 0.2ms @ web/base.go:22(avatars)
2026/02/13 04:00:32 HTTPRequest [I] router: completed GET /avatars/1aedb8d9dc4751e229a335e371db8058?size=512 for [::1]:45076, 304 Not Modified in 0.1ms @ web/base.go:22(avatars)
2026/02/13 04:00:35 HTTPRequest [I] router: polling   GET /user/events for [::1]:45076, elapsed 3057.0ms @ events/events.go:18(events.Events)
2026/02/13 04:03:31 HTTPRequest [I] router: completed GET /test for [::1]:36364, 200 OK in 57.8ms @ user/home.go:719(user.UsernameSubRoute)
2026/02/13 04:03:31 HTTPRequest [I] router: completed GET /.well-known/appspecific/com.chrome.devtools.json for [::1]:36364, 404 Not Found in 1.2ms @ public/public.go:34(web.registerWebRoutes.(*Router).Group.registerWebRoutes.func19.FileHandlerFunc)
2026/02/13 04:03:31 HTTPRequest [I] router: completed GET /avatars/1aedb8d9dc4751e229a335e371db8058?size=48 for [::1]:36364, 304 Not Modified in 0.2ms @ web/base.go:22(avatars)
2026/02/13 04:03:31 HTTPRequest [I] router: completed GET /avatars/1aedb8d9dc4751e229a335e371db8058?size=512 for [::1]:36380, 304 Not Modified in 0.2ms @ web/base.go:22(avatars)
2026/02/13 04:03:35 HTTPRequest [I] router: polling   GET /user/events for [::1]:36380, elapsed 3765.4ms @ events/events.go:18(events.Events)
2026/02/13 04:04:39 HTTPRequest [I] router: completed GET /api/swagger for [::1]:52380, 200 OK in 3.0ms @ misc/swagger.go:17(misc.Swagger)
2026/02/13 04:04:39 HTTPRequest [I] router: completed GET /swagger.v1.json for [::1]:52392, 200 OK in 3.0ms @ web/swagger_json.go:14(web.SwaggerV1Json)
2026/02/13 04:04:44 HTTPRequest [I] router: completed GET /api/swagger for [::1]:36364, 200 OK in 2.5ms @ misc/swagger.go:17(misc.Swagger)
2026/02/13 04:04:44 HTTPRequest [I] router: completed GET /swagger.v1.json for [::1]:57760, 200 OK in 3.5ms @ web/swagger_json.go:14(web.SwaggerV1Json)
2026/02/13 04:18:28 .../graceful/manager_unix.go:144:(*Manager).handleSignals() [W] PID 61870. Received SIGTERM. Shutting down...
2026/02/13 04:18:28 .../graceful/server_hooks.go:45:(*Server).doShutdown() [I] PID: 61870 Listener ([::]:3000) closed.
2026/02/13 04:18:28 modules/graceful/server.go:217:(*Server).closeAllConnections() [W] After graceful shutdown period, 1 connections are still active. Forcefully close.
2026/02/13 04:18:28 cmd/web.go:381:listen() [I] HTTP Listener: 0.0.0.0:3000 Closed
2026/02/13 04:18:28 cmd/web.go:232:serveInstalled() [I] PID: 61870 Gitea Web Finished
