2026/02/13 04:42:43 cmd/web.go:264:runWeb() [I] Starting Gitea on PID: 65880
2026/02/13 04:42:43 cmd/web.go:114:showWebStartupMessage() [I] Gitea version: 3b5a423a built with GNU Make 4.3, go1.26.0-X:jsonv2
2026/02/13 04:42:43 cmd/web.go:115:showWebStartupMessage() [I] * RunMode: dev
2026/02/13 04:42:43 cmd/web.go:116:showWebStartupMessage() [I] * AppPath: /home/wahab/projects/moltgit_core/gitea
2026/02/13 04:42:43 cmd/web.go:117:showWebStartupMessage() [I] * WorkPath: /home/wahab/projects/moltgit_core
2026/02/13 04:42:43 cmd/web.go:118:showWebStartupMessage() [I] * CustomPath: /home/wahab/projects/moltgit_core/custom
2026/02/13 04:42:43 cmd/web.go:119:showWebStartupMessage() [I] * ConfigFile: /home/wahab/projects/moltgit_core/custom/conf/app.ini
2026/02/13 04:42:43 cmd/web.go:120:showWebStartupMessage() [I] Prepare to run web server
2026/02/13 04:42:43 routers/init.go:116:InitWebInstalled() [I] Git version: 2.43.0 (home: /home/wahab/projects/gitea/data/home)
2026/02/13 04:42:43 modules/storage/storage.go:180:initAttachments() [I] Initialising Attachment storage with type: local
2026/02/13 04:42:43 modules/storage/local.go:33:NewLocalStorage() [I] Creating new Local Storage at /home/wahab/projects/gitea/data/attachments
2026/02/13 04:42:43 modules/storage/storage.go:170:initAvatars() [I] Initialising Avatar storage with type: local
2026/02/13 04:42:43 modules/storage/local.go:33:NewLocalStorage() [I] Creating new Local Storage at /home/wahab/projects/gitea/data/avatars
2026/02/13 04:42:43 modules/storage/storage.go:196:initRepoAvatars() [I] Initialising Repository Avatar storage with type: local
2026/02/13 04:42:43 modules/storage/local.go:33:NewLocalStorage() [I] Creating new Local Storage at /home/wahab/projects/gitea/data/repo-avatars
2026/02/13 04:42:43 modules/storage/storage.go:190:initLFS() [I] Initialising LFS storage with type: local
2026/02/13 04:42:43 modules/storage/local.go:33:NewLocalStorage() [I] Creating new Local Storage at /home/wahab/projects/gitea/data/lfs
2026/02/13 04:42:43 modules/storage/storage.go:202:initRepoArchives() [I] Initialising Repository Archive storage with type: local
2026/02/13 04:42:43 modules/storage/local.go:33:NewLocalStorage() [I] Creating new Local Storage at /home/wahab/projects/gitea/data/repo-archive
2026/02/13 04:42:43 modules/storage/storage.go:212:initPackages() [I] Initialising Packages storage with type: local
2026/02/13 04:42:43 modules/storage/local.go:33:NewLocalStorage() [I] Creating new Local Storage at /home/wahab/projects/gitea/data/packages
2026/02/13 04:42:43 modules/storage/storage.go:223:initActions() [I] Initialising Actions storage with type: local
2026/02/13 04:42:43 modules/storage/local.go:33:NewLocalStorage() [I] Creating new Local Storage at /home/wahab/projects/gitea/data/actions_log
2026/02/13 04:42:43 modules/storage/storage.go:227:initActions() [I] Initialising ActionsArtifacts storage with type: local
2026/02/13 04:42:43 modules/storage/local.go:33:NewLocalStorage() [I] Creating new Local Storage at /home/wahab/projects/gitea/data/actions_artifacts
2026/02/13 04:42:43 routers/common/db.go:24:InitDBEngine() [I] Beginning ORM engine initialization.
2026/02/13 04:42:43 routers/common/db.go:31:InitDBEngine() [I] ORM engine initialization attempt #1/10...
2026/02/13 04:42:43 cmd/web.go:206:serveInstalled() [I] PING DATABASE postgres
2026/02/13 04:42:44 modules/git/git.go:146:InitSimple() [W] git module has been initialized already, duplicate init may work but it's better to fix it
2026/02/13 04:42:44 cmd/web.go:206:serveInstalled() [W] Table oauth2_application Column confidential_client db default is true, struct default is TRUE
2026/02/13 04:42:44 cmd/web.go:206:serveInstalled() [W] Table oauth2_application Column skip_secondary_authorization db default is false, struct default is FALSE
2026/02/13 04:42:44 cmd/web.go:206:serveInstalled() [W] Table system_setting Column version db default is , struct default is 1
2026/02/13 04:42:44 cmd/web.go:206:serveInstalled() [W] Table user Column max_repo_creation db default is '-1', struct default is -1
2026/02/13 04:42:45 cmd/web.go:206:serveInstalled() [W] Table action_run Column concurrency_cancel db default is false, struct default is FALSE
2026/02/13 04:42:45 cmd/web.go:206:serveInstalled() [W] Table action_run_job Column concurrency_cancel db default is false, struct default is FALSE
2026/02/13 04:42:46 cmd/web.go:206:serveInstalled() [W] Table label Column archived_unix db default is , struct default is NULL
2026/02/13 04:42:46 routers/init.go:143:InitWebInstalled() [I] ORM engine initialization successful!
2026/02/13 04:42:46 .../indexer/issues/indexer.go:78:InitIssueIndexer.1() [I] PID 65880: Initializing Issue Indexer: bleve
2026/02/13 04:42:46 .../indexer/stats/indexer.go:41:populateRepoIndexer() [I] Populating the repo stats indexer with existing repositories
2026/02/13 04:42:46 .../indexer/issues/indexer.go:155:InitIssueIndexer.2() [I] Issue Indexer Initialization took 3.020275ms
2026/02/13 04:42:46 .../indexer/stats/indexer.go:87:populateRepoIndexer() [I] Done (re)populating the repo stats indexer with existing repositories
2026/02/13 04:42:47 cmd/web.go:330:listen() [I] Listen: http://0.0.0.0:3000
2026/02/13 04:42:47 cmd/web.go:334:listen() [I] AppURL(ROOT_URL): http://localhost:3000/
2026/02/13 04:42:47 cmd/web.go:337:listen() [I] LFS server enabled
2026/02/13 04:42:47 modules/graceful/server.go:52:NewServer() [I] Starting new Web server: tcp:0.0.0.0:3000 on PID: 65880
2026/02/13 04:42:47 HTTPRequest [I] router: completed GET / for [::1]:38686, 200 OK in 8.8ms @ web/home.go:32(web.Home)
2026/02/13 04:42:47 .../graceful/manager_unix.go:129:(*Manager).handleSignals() [I] PID: 65880. Received SIGHUP. Attempting GracefulRestart...
2026/02/13 04:42:47 .../graceful/manager_unix.go:183:(*Manager).DoGracefulRestart() [I] PID: 65880. Forking...
2026/02/13 04:42:47 modules/setting/log.go:62:prepareLoggerConfig() [E] Deprecation: config option `[log].ACCESS` present, please use `[log].logger.access.MODE` instead because this fallback will be/has been removed in 1.21
2026/02/13 04:42:47 modules/setting/log.go:71:prepareLoggerConfig() [E] Deprecation: config option `[log].ROUTER` present, please use `[log].logger.router.MODE` instead because this fallback will be/has been removed in 1.21
2026/02/13 04:42:47 modules/setting/log.go:83:prepareLoggerConfig() [E] Deprecation: config option `[log].XORM` present, please use `[log].logger.xorm.MODE` instead because this fallback will be/has been removed in 1.21
2026/02/13 04:42:47 .../graceful/manager_unix.go:194:(*Manager).DoGracefulRestart() [I] PID: 65880. Shutting down after forking ...
2026/02/13 04:42:47 cmd/web.go:381:listen() [I] HTTP Listener: 0.0.0.0:3000 Closed
2026/02/13 04:42:47 .../graceful/server_hooks.go:45:(*Server).doShutdown() [I] PID: 65880 Listener ([::]:3000) closed.
2026/02/13 04:42:47 modules/graceful/manager.go:164:(*Manager).doHammerTime() [W] Setting Hammer condition
2026/02/13 04:42:47 cmd/web.go:262:runWeb() [I] Restarting Gitea on PID: 65927 from parent PID: 65880
2026/02/13 04:42:47 cmd/web.go:114:showWebStartupMessage() [I] Gitea version: 3b5a423a built with GNU Make 4.3, go1.26.0-X:jsonv2
2026/02/13 04:42:47 cmd/web.go:115:showWebStartupMessage() [I] * RunMode: dev
2026/02/13 04:42:47 cmd/web.go:116:showWebStartupMessage() [I] * AppPath: /home/wahab/projects/moltgit_core/gitea
2026/02/13 04:42:47 cmd/web.go:117:showWebStartupMessage() [I] * WorkPath: /home/wahab/projects/moltgit_core
2026/02/13 04:42:47 cmd/web.go:118:showWebStartupMessage() [I] * CustomPath: /home/wahab/projects/moltgit_core/custom
2026/02/13 04:42:47 cmd/web.go:119:showWebStartupMessage() [I] * ConfigFile: /home/wahab/projects/moltgit_core/custom/conf/app.ini
2026/02/13 04:42:47 cmd/web.go:120:showWebStartupMessage() [I] Prepare to run web server
2026/02/13 04:42:47 routers/init.go:116:InitWebInstalled() [I] Git version: 2.43.0 (home: /home/wahab/projects/gitea/data/home)
2026/02/13 04:42:47 modules/storage/storage.go:180:initAttachments() [I] Initialising Attachment storage with type: local
2026/02/13 04:42:47 modules/storage/local.go:33:NewLocalStorage() [I] Creating new Local Storage at /home/wahab/projects/gitea/data/attachments
2026/02/13 04:42:47 modules/storage/storage.go:170:initAvatars() [I] Initialising Avatar storage with type: local
2026/02/13 04:42:47 modules/storage/local.go:33:NewLocalStorage() [I] Creating new Local Storage at /home/wahab/projects/gitea/data/avatars
2026/02/13 04:42:47 modules/storage/storage.go:196:initRepoAvatars() [I] Initialising Repository Avatar storage with type: local
2026/02/13 04:42:47 modules/storage/local.go:33:NewLocalStorage() [I] Creating new Local Storage at /home/wahab/projects/gitea/data/repo-avatars
2026/02/13 04:42:47 modules/storage/storage.go:190:initLFS() [I] Initialising LFS storage with type: local
2026/02/13 04:42:47 modules/storage/local.go:33:NewLocalStorage() [I] Creating new Local Storage at /home/wahab/projects/gitea/data/lfs
2026/02/13 04:42:47 modules/storage/storage.go:202:initRepoArchives() [I] Initialising Repository Archive storage with type: local
2026/02/13 04:42:47 modules/storage/local.go:33:NewLocalStorage() [I] Creating new Local Storage at /home/wahab/projects/gitea/data/repo-archive
2026/02/13 04:42:47 modules/storage/storage.go:212:initPackages() [I] Initialising Packages storage with type: local
2026/02/13 04:42:47 modules/storage/local.go:33:NewLocalStorage() [I] Creating new Local Storage at /home/wahab/projects/gitea/data/packages
2026/02/13 04:42:47 modules/storage/storage.go:223:initActions() [I] Initialising Actions storage with type: local
2026/02/13 04:42:47 modules/storage/local.go:33:NewLocalStorage() [I] Creating new Local Storage at /home/wahab/projects/gitea/data/actions_log
2026/02/13 04:42:47 modules/storage/storage.go:227:initActions() [I] Initialising ActionsArtifacts storage with type: local
2026/02/13 04:42:47 modules/storage/local.go:33:NewLocalStorage() [I] Creating new Local Storage at /home/wahab/projects/gitea/data/actions_artifacts
2026/02/13 04:42:48 modules/graceful/manager.go:180:(*Manager).doTerminate() [W] Terminating
2026/02/13 04:42:48 .../indexer/issues/indexer.go:122:InitIssueIndexer.1.2() [I] PID: 65880 Issue Indexer closed
2026/02/13 04:42:48 .../graceful/manager_unix.go:154:(*Manager).handleSignals() [W] PID: 65880. Background context for manager closed - context canceled - Shutting down...
2026/02/13 04:42:48 cmd/web.go:232:serveInstalled() [I] PID: 65880 Gitea Web Finished
2026/02/13 04:42:48 routers/common/db.go:24:InitDBEngine() [I] Beginning ORM engine initialization.
2026/02/13 04:42:48 routers/common/db.go:31:InitDBEngine() [I] ORM engine initialization attempt #1/10...
2026/02/13 04:42:48 cmd/web.go:206:serveInstalled() [I] PING DATABASE postgres
2026/02/13 04:42:50 modules/git/git.go:146:InitSimple() [W] git module has been initialized already, duplicate init may work but it's better to fix it
2026/02/13 04:42:50 cmd/web.go:206:serveInstalled() [W] Table oauth2_application Column confidential_client db default is true, struct default is TRUE
2026/02/13 04:42:50 cmd/web.go:206:serveInstalled() [W] Table oauth2_application Column skip_secondary_authorization db default is false, struct default is FALSE
2026/02/13 04:42:51 cmd/web.go:206:serveInstalled() [W] Table system_setting Column version db default is , struct default is 1
2026/02/13 04:42:51 cmd/web.go:206:serveInstalled() [W] Table user Column max_repo_creation db default is '-1', struct default is -1
2026/02/13 04:42:51 cmd/web.go:206:serveInstalled() [W] Table action_run Column concurrency_cancel db default is false, struct default is FALSE
2026/02/13 04:42:51 cmd/web.go:206:serveInstalled() [W] Table action_run_job Column concurrency_cancel db default is false, struct default is FALSE
2026/02/13 04:42:52 cmd/web.go:206:serveInstalled() [W] Table label Column archived_unix db default is , struct default is NULL
2026/02/13 04:42:52 routers/init.go:143:InitWebInstalled() [I] ORM engine initialization successful!
2026/02/13 04:42:52 .../indexer/issues/indexer.go:78:InitIssueIndexer.1() [I] PID 65927: Initializing Issue Indexer: bleve
2026/02/13 04:42:52 .../indexer/stats/indexer.go:41:populateRepoIndexer() [I] Populating the repo stats indexer with existing repositories
2026/02/13 04:42:52 .../indexer/issues/indexer.go:155:InitIssueIndexer.2() [I] Issue Indexer Initialization took 1.375422ms
2026/02/13 04:42:52 .../indexer/stats/indexer.go:87:populateRepoIndexer() [I] Done (re)populating the repo stats indexer with existing repositories
2026/02/13 04:42:53 cmd/web.go:330:listen() [I] Listen: http://0.0.0.0:3000
2026/02/13 04:42:53 cmd/web.go:334:listen() [I] AppURL(ROOT_URL): http://localhost:3000/
2026/02/13 04:42:53 cmd/web.go:337:listen() [I] LFS server enabled
2026/02/13 04:42:53 modules/graceful/server.go:50:NewServer() [I] Restarting new Web server: tcp:0.0.0.0:3000 on PID: 65927
2026/02/13 04:42:53 HTTPRequest [I] router: completed GET /api/swagger for [::1]:38690, 200 OK in 48.6ms @ misc/swagger.go:17(misc.Swagger)
2026/02/13 04:42:53 HTTPRequest [I] router: completed GET /.well-known/appspecific/com.chrome.devtools.json for [::1]:38690, 404 Not Found in 7.3ms @ public/public.go:34(web.registerWebRoutes.(*Router).Group.registerWebRoutes.func19.FileHandlerFunc)
2026/02/13 04:42:54 HTTPRequest [I] router: completed GET /swagger.v1.json for [::1]:38694, 200 OK in 59.3ms @ web/swagger_json.go:14(web.SwaggerV1Json)
2026/02/13 04:43:39 HTTPRequest [I] router: completed GET /api/v1/user/repos for [::1]:38694, 401 Unauthorized in 0.3ms @ v1/api.go:356(v1.Routes.func2.reqToken.23)
2026/02/13 04:45:02 HTTPRequest [I] router: completed GET /swagger.v1.json for [::1]:52082, 200 OK in 1.3ms @ web/swagger_json.go:14(web.SwaggerV1Json)
2026/02/13 04:45:22 HTTPRequest [I] router: completed GET /swagger.v1.json for [::1]:39420, 200 OK in 0.5ms @ web/swagger_json.go:14(web.SwaggerV1Json)
2026/02/13 04:46:29 HTTPRequest [I] router: completed GET /api/v1/user/repos for [::1]:38694, 200 OK in 93.3ms @ user/repo.go:87(user.ListMyRepos)
2026/02/13 04:47:26 HTTPRequest [I] router: completed GET /user/sign_up/new for [::1]:38694, 303 See Other in 25.2ms @ web/web.go:139(web.registerWebRoutes.verifyAuthWithOptions)
2026/02/13 04:47:26 HTTPRequest [I] router: completed GET / for [::1]:38694, 200 OK in 37.0ms @ web/home.go:32(web.Home)
2026/02/13 04:47:26 HTTPRequest [I] router: completed GET /.well-known/appspecific/com.chrome.devtools.json for [::1]:38694, 404 Not Found in 7.3ms @ public/public.go:34(web.registerWebRoutes.(*Router).Group.registerWebRoutes.func19.FileHandlerFunc)
2026/02/13 04:47:26 HTTPRequest [I] router: completed GET /avatars/ff8000b5f916451ed6f111c9bd18772d?size=48 for [::1]:38694, 304 Not Modified in 0.2ms @ web/base.go:22(avatars)
2026/02/13 04:47:26 HTTPRequest [I] router: completed GET /avatars/ff8000b5f916451ed6f111c9bd18772d?size=56 for [::1]:38690, 304 Not Modified in 0.2ms @ web/base.go:22(avatars)
2026/02/13 04:47:27 HTTPRequest [I] router: completed GET /repo/search?count_only=1&uid=11&team_id=undefined&q=&page=1&mode= for [::1]:38690, 200 OK in 71.7ms @ repo/repo.go:432(repo.SearchRepo)
2026/02/13 04:47:27 HTTPRequest [I] router: completed GET /repo/search?sort=updated&order=desc&uid=11&team_id=undefined&q=&page=1&limit=15&mode=&archived=false for [::1]:38694, 200 OK in 20.9ms @ repo/repo.go:432(repo.SearchRepo)
2026/02/13 04:47:30 HTTPRequest [I] router: polling   GET /user/events for [::1]:38690, elapsed 3253.9ms @ events/events.go:18(events.Events)
2026/02/13 04:47:35 HTTPRequest [I] router: completed GET / for [::1]:38694, 200 OK in 30.2ms @ web/home.go:32(web.Home)
2026/02/13 04:47:35 HTTPRequest [I] router: completed GET /.well-known/appspecific/com.chrome.devtools.json for [::1]:38694, 404 Not Found in 5.5ms @ public/public.go:34(web.registerWebRoutes.(*Router).Group.registerWebRoutes.func19.FileHandlerFunc)
2026/02/13 04:47:35 HTTPRequest [I] router: completed GET /avatars/ff8000b5f916451ed6f111c9bd18772d?size=48 for [::1]:38694, 304 Not Modified in 0.1ms @ web/base.go:22(avatars)
2026/02/13 04:47:35 HTTPRequest [I] router: completed GET /avatars/ff8000b5f916451ed6f111c9bd18772d?size=56 for [::1]:59250, 304 Not Modified in 0.1ms @ web/base.go:22(avatars)
2026/02/13 04:47:35 HTTPRequest [I] router: completed GET /repo/search?count_only=1&uid=11&team_id=undefined&q=&page=1&mode= for [::1]:59250, 200 OK in 71.8ms @ repo/repo.go:432(repo.SearchRepo)
2026/02/13 04:47:35 HTTPRequest [I] router: completed GET /repo/search?sort=updated&order=desc&uid=11&team_id=undefined&q=&page=1&limit=15&mode=&archived=false for [::1]:59250, 200 OK in 12.1ms @ repo/repo.go:432(repo.SearchRepo)
2026/02/13 04:47:39 HTTPRequest [I] router: polling   GET /user/events for [::1]:59250, elapsed 3808.0ms @ events/events.go:18(events.Events)
2026/02/13 16:03:58 HTTPRequest [I] router: polling   GET /user/events for [::1]:55400, elapsed 3077.9ms @ events/events.go:18(events.Events)
2026/02/13 17:22:49 HTTPRequest [I] router: polling   GET /user/events for [::1]:46026, elapsed 3855.8ms @ events/events.go:18(events.Events)
2026/02/13 17:48:49 HTTPRequest [I] router: completed GET / for [::1]:54002, 200 OK in 44.7ms @ web/home.go:32(web.Home)
2026/02/13 17:48:49 HTTPRequest [I] router: completed GET /avatars/ff8000b5f916451ed6f111c9bd18772d?size=48 for [::1]:54018, 304 Not Modified in 0.2ms @ web/base.go:22(avatars)
2026/02/13 17:48:49 HTTPRequest [I] router: completed GET /avatars/ff8000b5f916451ed6f111c9bd18772d?size=56 for [::1]:54010, 304 Not Modified in 0.1ms @ web/base.go:22(avatars)
2026/02/13 17:48:49 HTTPRequest [I] router: completed GET /repo/search?count_only=1&uid=11&team_id=undefined&q=&page=1&mode= for [::1]:54034, 200 OK in 8.1ms @ repo/repo.go:432(repo.SearchRepo)
2026/02/13 17:48:49 HTTPRequest [I] router: completed GET /repo/search?sort=updated&order=desc&uid=11&team_id=undefined&q=&page=1&limit=15&mode=&archived=false for [::1]:54034, 200 OK in 13.1ms @ repo/repo.go:432(repo.SearchRepo)
2026/02/13 17:48:57 HTTPRequest [I] router: completed GET /repo/create for [::1]:54034, 200 OK in 50.2ms @ repo/repo.go:159(repo.Create)
2026/02/13 17:48:57 HTTPRequest [I] router: completed GET /avatars/ff8000b5f916451ed6f111c9bd18772d?size=48 for [::1]:54018, 304 Not Modified in 0.4ms @ web/base.go:22(avatars)
2026/02/13 17:48:57 HTTPRequest [I] router: completed GET /avatars/ff8000b5f916451ed6f111c9bd18772d?size=56 for [::1]:54002, 304 Not Modified in 0.2ms @ web/base.go:22(avatars)
2026/02/13 17:49:07 HTTPRequest [I] router: completed POST /repo/create for [::1]:54002, 303 See Other in 285.6ms @ repo/repo.go:217(repo.CreatePost)
2026/02/13 17:49:07 HTTPRequest [I] router: completed GET /test12/new-repo for [::1]:54002, 200 OK in 67.1ms @ repo/view_home.go:392(repo.Home)
2026/02/13 17:49:07 HTTPRequest [I] router: completed GET /avatars/ff8000b5f916451ed6f111c9bd18772d?size=48 for [::1]:54018, 304 Not Modified in 0.3ms @ web/base.go:22(avatars)
2026/02/13 17:49:15 HTTPRequest [I] router: completed GET /pulls for [::1]:54018, 200 OK in 99.3ms @ user/home.go:340(user.Pulls)
2026/02/13 17:49:15 HTTPRequest [I] router: completed GET /avatars/ff8000b5f916451ed6f111c9bd18772d?size=48 for [::1]:54034, 304 Not Modified in 0.1ms @ web/base.go:22(avatars)
2026/02/13 17:49:18 HTTPRequest [I] router: completed POST /user/logout for [::1]:54010, 200 OK in 29.5ms @ auth/auth.go:416(auth.SignOut)
2026/02/13 17:49:18 HTTPRequest [I] router: completed POST /-/fetch-redirect for [::1]:54010, 303 See Other in 0.1ms @ common/redirect.go:13(common.FetchRedirectDelegate)
2026/02/13 17:49:18 HTTPRequest [I] router: completed GET / for [::1]:54010, 200 OK in 3.8ms @ web/home.go:32(web.Home)
2026/02/13 17:49:20 HTTPRequest [I] router: completed GET /user/login for [::1]:54018, 200 OK in 9.2ms @ auth/auth.go:206(auth.SignIn)
2026/02/13 17:49:23 HTTPRequest [I] router: completed GET / for [::1]:54018, 200 OK in 8.3ms @ web/home.go:32(web.Home)
2026/02/13 17:49:23 HTTPRequest [I] router: completed GET /.well-known/appspecific/com.chrome.devtools.json for [::1]:54002, 404 Not Found in 0.3ms @ public/public.go:34(web.registerWebRoutes.(*Router).Group.registerWebRoutes.func19.FileHandlerFunc)
2026/02/13 17:49:34 routers/web/auth/auth.go:244:SignInPost() [W] Failed authentication attempt for agent@gmail.com from [::1]:54018: Email address does not exist [email: agent@gmail.com]
2026/02/13 17:49:34 HTTPRequest [I] router: completed POST /user/login for [::1]:54018, 200 OK in 27.1ms @ auth/auth.go:219(auth.SignInPost)
2026/02/13 17:49:44 routers/web/auth/auth.go:244:SignInPost() [W] Failed authentication attempt for agent@gmail.com from [::1]:54002: Email address does not exist [email: agent@gmail.com]
2026/02/13 17:49:44 HTTPRequest [I] router: completed POST /user/login for [::1]:54002, 200 OK in 22.5ms @ auth/auth.go:219(auth.SignInPost)
2026/02/13 17:50:01 HTTPRequest [I] router: completed POST /user/login for [::1]:54002, 303 See Other in 36.9ms @ auth/auth.go:219(auth.SignInPost)
2026/02/13 17:50:01 HTTPRequest [I] router: completed GET / for [::1]:54002, 200 OK in 18.7ms @ web/home.go:32(web.Home)
2026/02/13 17:50:01 HTTPRequest [I] router: completed GET /avatars/1aedb8d9dc4751e229a335e371db8058?size=48 for [::1]:54010, 304 Not Modified in 0.2ms @ web/base.go:22(avatars)
2026/02/13 17:50:01 HTTPRequest [I] router: completed GET /repo/search?count_only=1&uid=9&team_id=undefined&q=&page=1&mode= for [::1]:54018, 200 OK in 13.4ms @ repo/repo.go:432(repo.SearchRepo)
2026/02/13 17:50:01 HTTPRequest [I] router: completed GET /repo/search?sort=updated&order=desc&uid=9&team_id=undefined&q=&page=1&limit=15&mode=&archived=false for [::1]:54018, 200 OK in 8.2ms @ repo/repo.go:432(repo.SearchRepo)
2026/02/13 17:50:04 HTTPRequest [I] router: completed GET /avatars/1aedb8d9dc4751e229a335e371db8058?size=56 for [::1]:54018, 304 Not Modified in 0.2ms @ web/base.go:22(avatars)
2026/02/13 17:50:05 HTTPRequest [I] router: polling   GET /user/events for [::1]:54034, elapsed 3823.4ms @ events/events.go:18(events.Events)
2026/02/13 17:50:06 HTTPRequest [I] router: completed GET / for [::1]:54018, 200 OK in 45.1ms @ web/home.go:32(web.Home)
2026/02/13 17:50:06 HTTPRequest [I] router: completed GET /avatars/1aedb8d9dc4751e229a335e371db8058?size=48 for [::1]:54018, 304 Not Modified in 0.2ms @ web/base.go:22(avatars)
2026/02/13 17:50:06 HTTPRequest [I] router: completed GET /repo/search?count_only=1&uid=9&team_id=undefined&q=&page=1&mode= for [::1]:53640, 200 OK in 4.3ms @ repo/repo.go:432(repo.SearchRepo)
2026/02/13 17:50:06 HTTPRequest [I] router: completed GET /repo/search?sort=updated&order=desc&uid=9&team_id=undefined&q=&page=1&limit=15&mode=&archived=false for [::1]:53640, 200 OK in 5.4ms @ repo/repo.go:432(repo.SearchRepo)
2026/02/13 17:50:07 HTTPRequest [I] router: completed GET /pulls for [::1]:53640, 200 OK in 28.2ms @ user/home.go:340(user.Pulls)
2026/02/13 17:50:07 HTTPRequest [I] router: completed GET /avatars/1aedb8d9dc4751e229a335e371db8058?size=48 for [::1]:53646, 304 Not Modified in 0.2ms @ web/base.go:22(avatars)
2026/02/13 17:50:08 HTTPRequest [I] router: completed GET /milestones for [::1]:53640, 200 OK in 39.7ms @ user/home.go:149(user.Milestones)
2026/02/13 17:50:09 HTTPRequest [I] router: completed GET /avatars/1aedb8d9dc4751e229a335e371db8058?size=48 for [::1]:53640, 304 Not Modified in 0.2ms @ web/base.go:22(avatars)
2026/02/13 17:50:09 HTTPRequest [I] router: completed GET /explore/repos for [::1]:53640, 200 OK in 19.6ms @ explore/repo.go:148(explore.Repos)
2026/02/13 17:50:09 HTTPRequest [I] router: completed GET /avatars/1aedb8d9dc4751e229a335e371db8058?size=48 for [::1]:54010, 304 Not Modified in 0.3ms @ web/base.go:22(avatars)
2026/02/13 17:50:13 HTTPRequest [I] router: polling   GET /user/events for [::1]:53664, elapsed 3326.6ms @ events/events.go:18(events.Events)
2026/02/13 17:50:33 HTTPRequest [I] router: completed GET /Agent2/todo-agent for [::1]:53640, 200 OK in 163.3ms @ repo/view_home.go:392(repo.Home)
2026/02/13 17:50:33 HTTPRequest [I] router: completed GET /avatars/79d916ddc5062eb7cb5357efa67bdeb4?size=48 for [::1]:54010, 304 Not Modified in 0.2ms @ web/base.go:22(avatars)
2026/02/13 17:50:33 HTTPRequest [I] router: completed GET /avatars/1aedb8d9dc4751e229a335e371db8058?size=48 for [::1]:54018, 304 Not Modified in 0.1ms @ web/base.go:22(avatars)
2026/02/13 17:50:35 HTTPRequest [I] router: completed GET /Agent2/todo-agent/src/branch/main/test.js for [::1]:53640, 200 OK in 74.1ms @ repo/view_home.go:392(repo.Home)
2026/02/13 17:50:35 HTTPRequest [I] router: completed GET /avatars/1aedb8d9dc4751e229a335e371db8058?size=48 for [::1]:54010, 304 Not Modified in 0.0ms @ web/base.go:22(avatars)
2026/02/13 17:50:35 HTTPRequest [I] router: completed GET /avatars/79d916ddc5062eb7cb5357efa67bdeb4?size=48 for [::1]:52080, 304 Not Modified in 0.4ms @ web/base.go:22(avatars)
2026/02/13 17:50:35 HTTPRequest [I] router: completed GET /Agent2/todo-agent/tree-view/branch/main/?sub_path=test.js for [::1]:52080, 200 OK in 28.5ms @ repo/treelist.go:145(repo.TreeViewNodes)
2026/02/13 17:50:38 HTTPRequest [I] router: polling   GET /user/events for [::1]:54018, elapsed 3309.5ms @ events/events.go:18(events.Events)
2026/02/13 17:50:41 HTTPRequest [I] router: completed GET /explore/repos for [::1]:54010, 200 OK in 13.1ms @ explore/repo.go:148(explore.Repos)
2026/02/13 17:50:41 HTTPRequest [I] router: completed GET /avatars/1aedb8d9dc4751e229a335e371db8058?size=48 for [::1]:56344, 304 Not Modified in 0.3ms @ web/base.go:22(avatars)
2026/02/13 17:50:45 HTTPRequest [I] router: polling   GET /user/events for [::1]:56350, elapsed 3720.0ms @ events/events.go:18(events.Events)
2026/02/13 17:50:54 HTTPRequest [I] router: completed GET /test for [::1]:54010, 200 OK in 71.0ms @ user/home.go:719(user.UsernameSubRoute)
2026/02/13 17:50:54 HTTPRequest [I] router: completed GET /avatars/1aedb8d9dc4751e229a335e371db8058?size=48 for [::1]:56834, 304 Not Modified in 0.1ms @ web/base.go:22(avatars)
2026/02/13 17:50:54 HTTPRequest [I] router: completed GET /avatars/1aedb8d9dc4751e229a335e371db8058?size=512 for [::1]:54010, 304 Not Modified in 0.1ms @ web/base.go:22(avatars)
2026/02/13 17:51:01 HTTPRequest [I] router: polling   GET /user/events for [::1]:56834, elapsed 3023.4ms @ events/events.go:18(events.Events)
2026/02/13 17:51:01 HTTPRequest [I] router: completed GET /Agent2/todo-agent for [::1]:53640, 200 OK in 60.6ms @ repo/view_home.go:392(repo.Home)
2026/02/13 17:51:01 HTTPRequest [I] router: completed GET /avatars/1aedb8d9dc4751e229a335e371db8058?size=48 for [::1]:60024, 304 Not Modified in 0.2ms @ web/base.go:22(avatars)
2026/02/13 17:51:01 HTTPRequest [I] router: completed GET /avatars/79d916ddc5062eb7cb5357efa67bdeb4?size=48 for [::1]:56344, 304 Not Modified in 0.3ms @ web/base.go:22(avatars)
2026/02/13 17:51:05 HTTPRequest [I] router: polling   GET /user/events for [::1]:53640, elapsed 3616.4ms @ events/events.go:18(events.Events)
2026/02/13 17:51:06 HTTPRequest [I] router: completed GET /Agent2/todo-agent/src/branch/main/test.js for [::1]:56344, 200 OK in 66.2ms @ repo/view_home.go:392(repo.Home)
2026/02/13 17:51:07 HTTPRequest [I] router: completed GET /avatars/79d916ddc5062eb7cb5357efa67bdeb4?size=48 for [::1]:60024, 304 Not Modified in 0.1ms @ web/base.go:22(avatars)
2026/02/13 17:51:07 HTTPRequest [I] router: completed GET /avatars/1aedb8d9dc4751e229a335e371db8058?size=48 for [::1]:60038, 304 Not Modified in 0.3ms @ web/base.go:22(avatars)
2026/02/13 17:51:07 HTTPRequest [I] router: completed GET /Agent2/todo-agent/tree-view/branch/main/?sub_path=test.js for [::1]:56344, 200 OK in 18.0ms @ repo/treelist.go:145(repo.TreeViewNodes)
2026/02/13 17:51:10 HTTPRequest [I] router: completed GET /Agent2/todo-agent/_edit/main/test.js for [::1]:60038, 200 OK in 53.9ms @ repo/editor.go:265(repo.EditFile)
2026/02/13 17:51:10 HTTPRequest [I] router: completed GET /avatars/1aedb8d9dc4751e229a335e371db8058?size=48 for [::1]:34484, 304 Not Modified in 0.1ms @ web/base.go:22(avatars)
2026/02/13 17:51:12 HTTPRequest [I] router: polling   GET /user/events for [::1]:34484, elapsed 3045.2ms @ events/events.go:18(events.Events)
2026/02/13 17:51:13 HTTPRequest [I] router: completed POST /Agent2/todo-agent/_fork/main for [::1]:60038, 200 OK in 231.0ms @ repo/editor_fork.go:20(repo.ForkToEditPost)
2026/02/13 17:51:13 HTTPRequest [I] router: completed GET /Agent2/todo-agent/_edit/main/test.js for [::1]:60038, 200 OK in 54.1ms @ repo/editor.go:265(repo.EditFile)
2026/02/13 17:51:13 HTTPRequest [I] router: completed GET /avatars/1aedb8d9dc4751e229a335e371db8058?size=48 for [::1]:34472, 304 Not Modified in 0.2ms @ web/base.go:22(avatars)
2026/02/13 17:51:13 HTTPRequest [I] router: completed GET /avatars/1aedb8d9dc4751e229a335e371db8058?size=80 for [::1]:34498, 200 OK in 6.3ms @ web/base.go:22(avatars)
2026/02/13 17:51:13 HTTPRequest [I] router: completed GET /Agent2/todo-agent/tree-view/branch/main/?sub_path=test.js for [::1]:34498, 200 OK in 28.5ms @ repo/treelist.go:145(repo.TreeViewNodes)
2026/02/13 17:51:17 HTTPRequest [I] router: polling   GET /user/events for [::1]:34472, elapsed 3282.6ms @ events/events.go:18(events.Events)
2026/02/13 17:51:36 routers/web/repo/editor.go:176:prepareEditorCommitSubmittedForm() [E] Unable to editorPushBranchToForkedRepository: PushRejected Error: exit status 1 - remote: 2026/02/13 17:51:36 modules/setting/setting.go:99:MustInstalled() [F] Unable to load config file for a installed Gitea instance, you should either use "--config" to set your config file (app.ini), or run "gitea web" command to install Gitea.        
To /home/wahab/projects/gitea/data/gitea-repositories/test/todo-agent.git
 ! [remote rejected] main -> test-patch-1 (pre-receive hook declined)
error: failed to push some refs to '/home/wahab/projects/gitea/data/gitea-repositories/test/todo-agent.git': remote: 2026/02/13 17:51:36 modules/setting/setting.go:99:MustInstalled() [F] Unable to load config file for a installed Gitea instance, you should either use "--config" to set your config file (app.ini), or run "gitea web" command to install Gitea.        
To /home/wahab/projects/gitea/data/gitea-repositories/test/todo-agent.git
 ! [remote rejected] main -> test-patch-1 (pre-receive hook declined)
error: failed to push some refs to '/home/wahab/projects/gitea/data/gitea-repositories/test/todo-agent.git'

2026/02/13 17:51:36 HTTPRequest [I] router: completed POST /test/todo-agent/_edit/main/test.js?from_base_branch=main for [::1]:34498, 400 Bad Request in 298.9ms @ repo/editor.go:325(repo.EditFilePost)
2026/02/13 17:51:58 routers/web/repo/editor.go:176:prepareEditorCommitSubmittedForm() [E] Unable to editorPushBranchToForkedRepository: PushRejected Error: exit status 1 - remote: 2026/02/13 17:51:58 modules/setting/setting.go:99:MustInstalled() [F] Unable to load config file for a installed Gitea instance, you should either use "--config" to set your config file (app.ini), or run "gitea web" command to install Gitea.        
To /home/wahab/projects/gitea/data/gitea-repositories/test/todo-agent.git
 ! [remote rejected] main -> test-patch-1 (pre-receive hook declined)
error: failed to push some refs to '/home/wahab/projects/gitea/data/gitea-repositories/test/todo-agent.git': remote: 2026/02/13 17:51:58 modules/setting/setting.go:99:MustInstalled() [F] Unable to load config file for a installed Gitea instance, you should either use "--config" to set your config file (app.ini), or run "gitea web" command to install Gitea.        
To /home/wahab/projects/gitea/data/gitea-repositories/test/todo-agent.git
 ! [remote rejected] main -> test-patch-1 (pre-receive hook declined)
error: failed to push some refs to '/home/wahab/projects/gitea/data/gitea-repositories/test/todo-agent.git'

2026/02/13 17:51:58 HTTPRequest [I] router: completed POST /test/todo-agent/_edit/main/test.js?from_base_branch=main for [::1]:34498, 400 Bad Request in 157.2ms @ repo/editor.go:325(repo.EditFilePost)
2026/02/13 17:52:27 routers/web/repo/editor.go:176:prepareEditorCommitSubmittedForm() [E] Unable to editorPushBranchToForkedRepository: PushRejected Error: exit status 1 - remote: 2026/02/13 17:52:27 modules/setting/setting.go:99:MustInstalled() [F] Unable to load config file for a installed Gitea instance, you should either use "--config" to set your config file (app.ini), or run "gitea web" command to install Gitea.        
To /home/wahab/projects/gitea/data/gitea-repositories/test/todo-agent.git
 ! [remote rejected] main -> test-patch-1 (pre-receive hook declined)
error: failed to push some refs to '/home/wahab/projects/gitea/data/gitea-repositories/test/todo-agent.git': remote: 2026/02/13 17:52:27 modules/setting/setting.go:99:MustInstalled() [F] Unable to load config file for a installed Gitea instance, you should either use "--config" to set your config file (app.ini), or run "gitea web" command to install Gitea.        
To /home/wahab/projects/gitea/data/gitea-repositories/test/todo-agent.git
 ! [remote rejected] main -> test-patch-1 (pre-receive hook declined)
error: failed to push some refs to '/home/wahab/projects/gitea/data/gitea-repositories/test/todo-agent.git'

2026/02/13 17:52:27 HTTPRequest [I] router: completed POST /test/todo-agent/_edit/main/test.js?from_base_branch=main for [::1]:34498, 400 Bad Request in 242.0ms @ repo/editor.go:325(repo.EditFilePost)
2026/02/13 17:52:31 routers/web/repo/editor.go:176:prepareEditorCommitSubmittedForm() [E] Unable to editorPushBranchToForkedRepository: PushRejected Error: exit status 1 - remote: 2026/02/13 17:52:31 modules/setting/setting.go:99:MustInstalled() [F] Unable to load config file for a installed Gitea instance, you should either use "--config" to set your config file (app.ini), or run "gitea web" command to install Gitea.        
To /home/wahab/projects/gitea/data/gitea-repositories/test/todo-agent.git
 ! [remote rejected] main -> test-patch-111 (pre-receive hook declined)
error: failed to push some refs to '/home/wahab/projects/gitea/data/gitea-repositories/test/todo-agent.git': remote: 2026/02/13 17:52:31 modules/setting/setting.go:99:MustInstalled() [F] Unable to load config file for a installed Gitea instance, you should either use "--config" to set your config file (app.ini), or run "gitea web" command to install Gitea.        
To /home/wahab/projects/gitea/data/gitea-repositories/test/todo-agent.git
 ! [remote rejected] main -> test-patch-111 (pre-receive hook declined)
error: failed to push some refs to '/home/wahab/projects/gitea/data/gitea-repositories/test/todo-agent.git'

2026/02/13 17:52:31 HTTPRequest [I] router: completed POST /test/todo-agent/_edit/main/test.js?from_base_branch=main for [::1]:38828, 400 Bad Request in 101.0ms @ repo/editor.go:325(repo.EditFilePost)
2026/02/13 17:52:34 HTTPRequest [I] router: completed GET /.well-known/appspecific/com.chrome.devtools.json for [::1]:38852, 404 Not Found in 6.2ms @ public/public.go:34(web.registerWebRoutes.(*Router).Group.registerWebRoutes.func19.FileHandlerFunc)
2026/02/13 17:52:35 routers/web/repo/editor.go:176:prepareEditorCommitSubmittedForm() [E] Unable to editorPushBranchToForkedRepository: PushRejected Error: exit status 1 - remote: 2026/02/13 17:52:35 modules/setting/setting.go:99:MustInstalled() [F] Unable to load config file for a installed Gitea instance, you should either use "--config" to set your config file (app.ini), or run "gitea web" command to install Gitea.        
To /home/wahab/projects/gitea/data/gitea-repositories/test/todo-agent.git
 ! [remote rejected] main -> test-patch-111 (pre-receive hook declined)
error: failed to push some refs to '/home/wahab/projects/gitea/data/gitea-repositories/test/todo-agent.git': remote: 2026/02/13 17:52:35 modules/setting/setting.go:99:MustInstalled() [F] Unable to load config file for a installed Gitea instance, you should either use "--config" to set your config file (app.ini), or run "gitea web" command to install Gitea.        
To /home/wahab/projects/gitea/data/gitea-repositories/test/todo-agent.git
 ! [remote rejected] main -> test-patch-111 (pre-receive hook declined)
error: failed to push some refs to '/home/wahab/projects/gitea/data/gitea-repositories/test/todo-agent.git'

2026/02/13 17:52:35 HTTPRequest [I] router: completed POST /test/todo-agent/_edit/main/test.js?from_base_branch=main for [::1]:38852, 400 Bad Request in 154.8ms @ repo/editor.go:325(repo.EditFilePost)
2026/02/13 17:54:06 HTTPRequest [I] router: completed GET / for [::1]:38852, 200 OK in 43.2ms @ web/home.go:32(web.Home)
2026/02/13 17:54:06 HTTPRequest [I] router: completed GET /.well-known/appspecific/com.chrome.devtools.json for [::1]:38846, 404 Not Found in 1.9ms @ public/public.go:34(web.registerWebRoutes.(*Router).Group.registerWebRoutes.func19.FileHandlerFunc)
2026/02/13 17:54:06 HTTPRequest [I] router: completed GET /avatars/1aedb8d9dc4751e229a335e371db8058?size=56 for [::1]:38828, 304 Not Modified in 0.1ms @ web/base.go:22(avatars)
2026/02/13 17:54:06 HTTPRequest [I] router: completed GET /avatars/1aedb8d9dc4751e229a335e371db8058?size=48 for [::1]:38846, 304 Not Modified in 0.2ms @ web/base.go:22(avatars)
2026/02/13 17:54:07 HTTPRequest [I] router: completed GET /repo/search?count_only=1&uid=9&team_id=undefined&q=&page=1&mode= for [::1]:38846, 200 OK in 5.4ms @ repo/repo.go:432(repo.SearchRepo)
2026/02/13 17:54:07 HTTPRequest [I] router: completed GET /repo/search?sort=updated&order=desc&uid=9&team_id=undefined&q=&page=1&limit=15&mode=&archived=false for [::1]:38846, 200 OK in 14.7ms @ repo/repo.go:432(repo.SearchRepo)
2026/02/13 17:54:08 HTTPRequest [I] router: completed GET /explore/repos for [::1]:38840, 200 OK in 23.5ms @ explore/repo.go:148(explore.Repos)
2026/02/13 17:54:08 HTTPRequest [I] router: completed GET /.well-known/appspecific/com.chrome.devtools.json for [::1]:38840, 404 Not Found in 1.8ms @ public/public.go:34(web.registerWebRoutes.(*Router).Group.registerWebRoutes.func19.FileHandlerFunc)
2026/02/13 17:54:09 HTTPRequest [I] router: completed GET /avatars/1aedb8d9dc4751e229a335e371db8058?size=48 for [::1]:38852, 304 Not Modified in 0.1ms @ web/base.go:22(avatars)
2026/02/13 17:54:12 HTTPRequest [I] router: polling   GET /user/events for [::1]:42308, elapsed 3152.0ms @ events/events.go:18(events.Events)
2026/02/13 17:54:13 HTTPRequest [I] router: completed GET / for [::1]:38840, 200 OK in 43.4ms @ web/home.go:32(web.Home)
2026/02/13 17:54:14 HTTPRequest [I] router: completed GET /.well-known/appspecific/com.chrome.devtools.json for [::1]:38840, 404 Not Found in 1.4ms @ public/public.go:34(web.registerWebRoutes.(*Router).Group.registerWebRoutes.func19.FileHandlerFunc)
2026/02/13 17:54:14 HTTPRequest [I] router: completed GET /avatars/1aedb8d9dc4751e229a335e371db8058?size=48 for [::1]:38828, 304 Not Modified in 0.1ms @ web/base.go:22(avatars)
2026/02/13 17:54:14 HTTPRequest [I] router: completed GET /avatars/1aedb8d9dc4751e229a335e371db8058?size=56 for [::1]:38852, 304 Not Modified in 0.1ms @ web/base.go:22(avatars)
2026/02/13 17:54:14 HTTPRequest [I] router: completed GET /repo/search?count_only=1&uid=9&team_id=undefined&q=&page=1&mode= for [::1]:38852, 200 OK in 4.0ms @ repo/repo.go:432(repo.SearchRepo)
2026/02/13 17:54:14 HTTPRequest [I] router: completed GET /repo/search?sort=updated&order=desc&uid=9&team_id=undefined&q=&page=1&limit=15&mode=&archived=false for [::1]:38852, 200 OK in 10.2ms @ repo/repo.go:432(repo.SearchRepo)
2026/02/13 17:54:17 HTTPRequest [I] router: polling   GET /user/events for [::1]:38852, elapsed 3022.8ms @ events/events.go:18(events.Events)
2026/02/13 17:54:17 HTTPRequest [I] router: completed GET / for [::1]:38840, 200 OK in 40.7ms @ web/home.go:32(web.Home)
2026/02/13 17:54:17 HTTPRequest [I] router: completed GET /.well-known/appspecific/com.chrome.devtools.json for [::1]:38828, 404 Not Found in 1.8ms @ public/public.go:34(web.registerWebRoutes.(*Router).Group.registerWebRoutes.func19.FileHandlerFunc)
2026/02/13 17:54:17 HTTPRequest [I] router: completed GET /avatars/1aedb8d9dc4751e229a335e371db8058?size=48 for [::1]:38828, 304 Not Modified in 0.2ms @ web/base.go:22(avatars)
2026/02/13 17:54:17 HTTPRequest [I] router: completed GET /avatars/1aedb8d9dc4751e229a335e371db8058?size=56 for [::1]:40974, 304 Not Modified in 0.1ms @ web/base.go:22(avatars)
2026/02/13 17:54:18 HTTPRequest [I] router: completed GET /repo/search?count_only=1&uid=9&team_id=undefined&q=&page=1&mode= for [::1]:40986, 200 OK in 4.0ms @ repo/repo.go:432(repo.SearchRepo)
2026/02/13 17:54:18 HTTPRequest [I] router: completed GET /repo/search?sort=updated&order=desc&uid=9&team_id=undefined&q=&page=1&limit=15&mode=&archived=false for [::1]:40986, 200 OK in 10.1ms @ repo/repo.go:432(repo.SearchRepo)
2026/02/13 17:54:19 HTTPRequest [I] router: completed GET / for [::1]:38840, 200 OK in 40.8ms @ web/home.go:32(web.Home)
2026/02/13 17:54:19 HTTPRequest [I] router: completed GET /.well-known/appspecific/com.chrome.devtools.json for [::1]:38840, 404 Not Found in 1.5ms @ public/public.go:34(web.registerWebRoutes.(*Router).Group.registerWebRoutes.func19.FileHandlerFunc)
2026/02/13 17:54:19 HTTPRequest [I] router: completed GET /avatars/1aedb8d9dc4751e229a335e371db8058?size=56 for [::1]:40974, 304 Not Modified in 0.1ms @ web/base.go:22(avatars)
2026/02/13 17:54:19 HTTPRequest [I] router: completed GET /avatars/1aedb8d9dc4751e229a335e371db8058?size=48 for [::1]:38840, 304 Not Modified in 0.1ms @ web/base.go:22(avatars)
2026/02/13 17:54:19 HTTPRequest [I] router: completed GET /repo/search?count_only=1&uid=9&team_id=undefined&q=&page=1&mode= for [::1]:38828, 200 OK in 4.7ms @ repo/repo.go:432(repo.SearchRepo)
2026/02/13 17:54:19 HTTPRequest [I] router: completed GET /repo/search?sort=updated&order=desc&uid=9&team_id=undefined&q=&page=1&limit=15&mode=&archived=false for [::1]:38828, 200 OK in 9.3ms @ repo/repo.go:432(repo.SearchRepo)
2026/02/13 17:54:22 HTTPRequest [I] router: completed POST /user/logout for [::1]:38840, 200 OK in 5.7ms @ auth/auth.go:416(auth.SignOut)
2026/02/13 17:54:22 HTTPRequest [I] router: completed POST /-/fetch-redirect for [::1]:38840, 303 See Other in 0.2ms @ common/redirect.go:13(common.FetchRedirectDelegate)
2026/02/13 17:54:22 HTTPRequest [I] router: completed GET / for [::1]:38840, 200 OK in 4.8ms @ web/home.go:32(web.Home)
2026/02/13 17:54:22 HTTPRequest [I] router: completed GET /.well-known/appspecific/com.chrome.devtools.json for [::1]:46144, 404 Not Found in 0.3ms @ public/public.go:34(web.registerWebRoutes.(*Router).Group.registerWebRoutes.func19.FileHandlerFunc)
2026/02/13 17:54:54 HTTPRequest [I] router: completed GET /explore/repos for [::1]:46144, 200 OK in 13.1ms @ explore/repo.go:148(explore.Repos)
2026/02/13 17:54:54 HTTPRequest [I] router: completed GET /.well-known/appspecific/com.chrome.devtools.json for [::1]:46144, 404 Not Found in 0.3ms @ public/public.go:34(web.registerWebRoutes.(*Router).Group.registerWebRoutes.func19.FileHandlerFunc)
2026/02/13 17:55:15 HTTPRequest [I] router: completed GET /explore/users for [::1]:40974, 200 OK in 48.5ms @ explore/user.go:130(explore.Users)
2026/02/13 17:55:15 HTTPRequest [I] router: completed GET /.well-known/appspecific/com.chrome.devtools.json for [::1]:40974, 404 Not Found in 0.2ms @ public/public.go:34(web.registerWebRoutes.(*Router).Group.registerWebRoutes.func19.FileHandlerFunc)
2026/02/13 17:55:15 HTTPRequest [I] router: completed GET /avatars/245cf079454dc9a3374a7c076de247cc?size=96 for [::1]:38828, 200 OK in 0.2ms @ web/base.go:22(avatars)
2026/02/13 17:55:15 HTTPRequest [I] router: completed GET /avatars/1aedb8d9dc4751e229a335e371db8058?size=96 for [::1]:46144, 200 OK in 0.1ms @ web/base.go:22(avatars)
2026/02/13 17:55:15 HTTPRequest [I] router: completed GET /avatars/97649641c125eb0eaf0597448ad72146?size=96 for [::1]:38840, 200 OK in 1.4ms @ web/base.go:22(avatars)
2026/02/13 17:55:15 HTTPRequest [I] router: completed GET /avatars/ff8000b5f916451ed6f111c9bd18772d?size=96 for [::1]:40974, 200 OK in 3.0ms @ web/base.go:22(avatars)
2026/02/13 17:55:15 HTTPRequest [I] router: completed GET /avatars/79d916ddc5062eb7cb5357efa67bdeb4?size=96 for [::1]:46144, 304 Not Modified in 0.1ms @ web/base.go:22(avatars)
2026/02/13 17:55:15 HTTPRequest [I] router: completed GET /avatars/48764b7c3e23194da12153e1a61a758b?size=96 for [::1]:38840, 200 OK in 0.9ms @ web/base.go:22(avatars)
2026/02/13 17:55:15 HTTPRequest [I] router: completed GET /avatars/aec72d39be84cecd21f9c1da3568dd32?size=96 for [::1]:40974, 200 OK in 2.8ms @ web/base.go:22(avatars)
2026/02/13 17:55:15 HTTPRequest [I] router: completed GET /avatars/3b0b2f008a8b971cd4a7949ca0bfdeea?size=96 for [::1]:37140, 200 OK in 1.0ms @ web/base.go:22(avatars)
2026/02/13 17:55:15 HTTPRequest [I] router: completed GET /avatars/e983c033565bca4cafad8546b89adc6a?size=96 for [::1]:37154, 200 OK in 1.1ms @ web/base.go:22(avatars)
2026/02/13 17:55:17 HTTPRequest [I] router: completed GET /explore/organizations for [::1]:40974, 200 OK in 8.2ms @ explore/org.go:17(explore.Organizations)
2026/02/13 17:55:17 HTTPRequest [I] router: completed GET /.well-known/appspecific/com.chrome.devtools.json for [::1]:40974, 404 Not Found in 0.2ms @ public/public.go:34(web.registerWebRoutes.(*Router).Group.registerWebRoutes.func19.FileHandlerFunc)
2026/02/13 17:55:17 HTTPRequest [I] router: completed GET /avatars/824e7c719a69c7d96e9f91c60cbf734c?size=96 for [::1]:37140, 304 Not Modified in 0.3ms @ web/base.go:22(avatars)
2026/02/13 17:55:19 HTTPRequest [I] router: completed GET /explore/repos for [::1]:37140, 200 OK in 5.7ms @ explore/repo.go:148(explore.Repos)
2026/02/13 17:55:19 HTTPRequest [I] router: completed GET /.well-known/appspecific/com.chrome.devtools.json for [::1]:37140, 404 Not Found in 0.2ms @ public/public.go:34(web.registerWebRoutes.(*Router).Group.registerWebRoutes.func19.FileHandlerFunc)
2026/02/13 17:55:21 HTTPRequest [I] router: completed GET / for [::1]:37154, 200 OK in 2.1ms @ web/home.go:32(web.Home)
2026/02/13 17:55:21 HTTPRequest [I] router: completed GET /.well-known/appspecific/com.chrome.devtools.json for [::1]:37154, 404 Not Found in 0.2ms @ public/public.go:34(web.registerWebRoutes.(*Router).Group.registerWebRoutes.func19.FileHandlerFunc)
